1. To list the created keyspaces
cqlsh> desc keyspaces;
MongoDb equivalent: cqlsh> show databases;

2. To create a new keyspace:
cqlsh> create keyspace if not exists vendor with replication = = { 'class' : 'SimpleStrategy', 'replication_factor' : '2'};

3. Now, we have to switch to the keyspace we wish to work with. To do so, use the below command:

cqlsh> use vendor;
Now, you may observe, the prompt has changed to:
cqlsh:vendor>

4. We can desc the keyspace we have created:
cqlsh:vendor> desc keyspace vendor;

5. Now that we have created a keyspace and we have switched into it, let us now create tables inside the keyspace:
cqlsh:vendor> CREATE TABLE  IF NOT EXISTS courses (
  id varchar PRIMARY KEY,
  name varchar,
  author varchar,
  audience int,
  duration int,
  hasClosedCaptions boolean,
  released timestamp
);

---------------------------------
CREATE KEYSPACE vendor WITH REPLICATION = {'class':'SimpleStrategy','replication_factor':1};

CREATE TABLE courses (id varchar PRIMARY KEY);
CREATE TABLE IF NOT EXISTS courses (id VARCHAR PRIMARY KEY);
ALTER TABLE courses ADD duration int;
ALTER TABLE courses ADD released timestamp;
ALTER TABLE courses ADD author varchar;
DROP TABLE courses;

CREATE TABLE courses (
  id varchar PRIMARY KEY,
  name varchar,
  author varchar,
  audience int,
  duration int,
  hasClosedCaptions boolean,
  released timestamp
);

cqlsh:vendor >insert into courses (id, name, author, audience, duration, hasClosedCaptions, released) values('101', 'java', 'nithin', 8, 80, false, '2024-07-01');

cqlsh:vendor >insert into courses (id, name, author, audience, duration, hasClosedCaptions, released) values('102', 'python', 'mani', 10, 60, true, '2024-06-15');

To access all rows with specific columns from the table
cqlsh:vendor> SELECT id, title FROM vendor.courses;
cqlsh:vendor> SELECT id, title FROM courses;
cqlsh> SELECT id, title FROM vendor.courses;
Error in below code:
cqlsh> SELECT id, title FROM courses;

To access all rows with specific columns from the table
cqlsh:vendor> SELECT id, title FROM vendor.courses;

To access all columns from all rows:
select * from courses;

To Use Alias name for the existing column(s) and filter the rows using where clause:
cqlsh:vendor> SELECT title, duration AS length FROM vendor.courses WHERE id = 'cassandra-developers';

Select a specific row (using PK) and display its title with given value in the command.
cqlsh:vendor> SELECT title, published FROM vendor.courses WHERE id IN ('102', 'nodeJS-introduction');

Select only top 100 rows from the table
cqlsh:vendor> SELECT * FROM vendor.courses LIMIT 100;

Insert a new row with only few column values:
cqlsh:vendor> INSERT INTO vendor.courses (id, author) VALUES ('cassandra-developers', 'nitish');

Update a specific row (filter with PK) and set its author name with new name.
cqlsh:vendor> UPDATE vendor.courses SET author = 'manish' WHERE id = '104';


To match a value in a given list of values, we use the in()
cqlsh:vendor> UPDATE vendor.courses SET author = 'girish' WHERE id IN ('101', '102');

To print the given column's timestamp
cqlsh:vendor> SELECT id, WRITETIME(author) FROM vendor.courses;

-- Delete a row
DELETE FROM vendor.courses WHERE id = '104';

-- Delete the row whose value of the given column id, matches with the given variable named null
DELETE FROM vendor.courses WHERE id = null;

-- Delete the row whose id is null (empty)
DELETE FROM vendor.courses WHERE id is null;

-- Delete the row whose id value is equal to the text (constant string) 'null'
DELETE FROM vendor.courses WHERE id = 'null';

-- Delete the value from a specific column:
DELETE author FROM vendor.courses WHERE id = '109';

-- Update author of a specific row with given id to null (make it empty) 
UPDATE vendor.courses SET author = null WHERE id = '112';
INSERT INTO vendor.courses (id, author) VALUES ('node-intro', null);


-- Use a TTL (length of time in seconds) for a single column
UPDATE vendor.users USING TTL 32400 SET reset_token = 'asdf' WHERE id = 'john-doe';
SELECT TTL(reset_token) FROM vendor.users WHERE id = 'john-doe';

-- Use a TTL for an entire row
-- Only insert statements can be used to set a TTL for an entire row. Can't be done with UPDATE.
INSERT INTO vendor.reset_tokens (id, token) VALUES ('john-doe', 'asdoij') USING TTL 10800;

-- Use a TTL for the entire table. The entire table will be tombstoned after the TTL expires.
CREATE TABLE reset_tokens (
  id varchar PRIMARY KEY,
  token varchar
) WITH default_time_to_live = 10800;

-- If you have a table of id, partition_key, and you want to get one row for each id and the first partition_key, you can use this query:
SELECT DISTINCT id, partition_key FROM table;

-- Working with Collections
-- set<type>
INSERT INTO courses (id, name, features) VALUES ('node-intro', 'Introduction to Node.js', {'cc', 'transcript'});
UPDATE courses SET features = features + {'cc'} WHERE id = 'node-intro'; -- the + symbol adds to the set.
UPDATE courses SET features = features - {'cc'} WHERE id = 'node-intro'; -- the - symbol removes from the set.
UPDATE courses SET features = {} WHERE id = 'node-intro'; -- create an empty set.

-- list<type>
INSERT INTO courses (id, clips) VALUES ('node-intro', ['Getting Started']);
UPDATE courses SET clips = ['Introduction'] + clips WHERE id = 'node-intro'; -- prepend to the front of the list
UPDATE courses SET clips = clips + ['Introduction'] WHERE id = 'node-intro'; -- append to the back of the list
UPDATE courses SET clips = clips - ['Introduction'] WHERE id = 'node-intro'; -- removes all matching elements from the list.
UPDATE courses SET clips[0] = 'Introduction' WHERE id = 'node-intro'; -- add to list by position. Use indexing as you would in an array.
DELETE clips[0] FROM courses WHERE id = 'node-intro';

-- map<key-type,value-type>
INSERT INTO users (id, last_login) VALUES ('john-doe', {'abcde': '2015-06-30 09:02:24'});
UPDATE users SET last_login['abcde'] = '2015-09-12 07:01:34' WHERE id = 'john-doe';
UPDATE users SET last_login = last_login + {'abcde': '2015-06-30 09:02:24'} WHERE id = 'john-doe';
UPDATE users SET last_login = last_login - {'abcde': '2015-06-30 09:02:24'} WHERE id = 'john-doe';
DELETE last_login['abcde'] FROM users WHERE id = 'john-doe'
UPDATE users set last_login = {} WHERE id = 'john-doe'

-- secondary indexes
CREATE TABLE users (id varchar, first_name varchar, tags set<varchar>, PRIMARY KEY (id));
CREATE INDEX ON users(tags);
INSERT INTO users (id, first_name, tags) VALUES ('john-doe','John', {'java'});
SELECT * FROM users WHERE tags CONTAINS 'java';

-- a secondary index for a map
CREATE INDEX ON table(KEYS(map_column));
SELECT * FROM table WHERE map_column CONTAINS KEY 'foo';